<html>
<body>
<pre>
<h1>µVision Build Log</h1>
<h2>Tool Versions:</h2>
IDE-Version: µVision V5.38.0.0
Copyright (C) 2022 ARM Ltd and ARM Germany GmbH. All rights reserved.
License Information: Cosmina Pop, Academia Tehnica Militara Ferdinand I, LIC=----
 
Tool Versions:
Toolchain:       MDK-Lite  Version: 5.38.0.0
Toolchain Path:  C:\Keil_v5\ARM\ARMCLANG\Bin
C Compiler:      ArmClang.exe V6.19
Assembler:       Armasm.exe V6.19
Linker/Locator:  ArmLink.exe V6.19
Library Manager: ArmAr.exe V6.19
Hex Converter:   FromElf.exe V6.19
CPU DLL:         SARMCM3.DLL V5.38.0.0
Dialog DLL:      DARMCM1.DLL V1.19.6.0
Target DLL:      CMSIS_AGDI.dll V1.33.15.0
Dialog DLL:      TARMCM1.DLL V1.14.6.0
 
<h2>Project:</h2>
C:\Users\Admin\Desktop\Proiect MICRO\FlameSensor-main\src\proiect.uvprojx
Project File Date:  01/16/2024

<h2>Output:</h2>
*** Using Compiler 'V6.19', folder: 'C:\Keil_v5\ARM\ARMCLANG\Bin'
Build target 'Target 1'
main.c(1): warning: In file included from...
./gpio.h(3): warning: // comments are not allowed in this language [-Wcomment]
#define RED_PIN (18) //PORT B 
                     ^
main.c(2): warning: In file included from...
./adc.h(9): warning: // comments are not allowed in this language [-Wcomment]
#endif // ADC_H
       ^
main.c(19): warning: // comments are not allowed in this language [-Wcomment]
                        //Transmit the adcValue for debugging
                        ^
main.c(6): warning: no previous extern declaration for non-static variable 'sensor_read' [-Wmissing-variable-declarations]
uint16_t sensor_read;
         ^
main.c(6): note: declare 'static' if the variable is not intended to be used outside of this translation unit
uint16_t sensor_read;
^
main.c(7): warning: no previous extern declaration for non-static variable 'i' [-Wmissing-variable-declarations]
uint16_t i;
         ^
main.c(7): note: declare 'static' if the variable is not intended to be used outside of this translation unit
uint16_t i;
^
5 warnings generated.
compiling main.c...
linking...
Program Size: Code=2436 RO-data=224 RW-data=4 ZI-data=360  
".\Objects\proiect.axf" - 0 Error(s), 5 Warning(s).

<h2>Software Packages used:</h2>

Package Vendor: ARM
                http://www.keil.com/pack/ARM.CMSIS.5.9.0.pack
                ARM.CMSIS.5.9.0
                CMSIS (Common Microcontroller Software Interface Standard)
   * Component: CORE Version: 5.6.0

Package Vendor: Keil
                http://www.keil.com/pack/Keil.Kinetis_KLxx_DFP.1.15.0.pack
                Keil.Kinetis_KLxx_DFP.1.15.0
                NXP Kinetis KLxx Series Device Support and Examples
   * Component: Startup Version: 2.5.0

<h2>Collection of Component include folders:</h2>
  ./RTE/Device/MKL25Z128xxx4
  ./RTE/_Target_1
  C:/Users/Admin/AppData/Local/Arm/Packs/ARM/CMSIS/5.9.0/CMSIS/Core/Include
  C:/Users/Admin/AppData/Local/Arm/Packs/Keil/Kinetis_KLxx_DFP/1.15.0/Device/Include

<h2>Collection of Component Files used:</h2>

   * Component: ARM::CMSIS:CORE:5.6.0

   * Component: Keil::Device:Startup:2.5.0
      Include file:  Device/Source/system_MKL25Z4.h
      Source file:   Device/Source/system_MKL25Z4.c
      Source file:   Device/Source/ARM/startup_MKL25Z4.s
Build Time Elapsed:  00:00:00
</pre>
</body>
</html>
